// Jest Snapshot v1, https://goo.gl/fbAQLP

exports[`Calculator page should match the snapshot 1`] = `
<DocumentFragment>
  <div
    class="MuiBox-root MuiBox-root-1"
  >
    <div>
      <div
        class="element text"
      >
        0
      </div>
      <div>
        <div>
          <div
            class="button btn-primary"
            role="button"
            tabindex="0"
          >
            <span
              class="text"
            >
              AC
            </span>
          </div>
          <div
            class="button btn-primary"
            role="button"
            tabindex="0"
          >
            <span
              class="text"
            >
              +/-
            </span>
          </div>
          <div
            class="button btn-primary"
            role="button"
            tabindex="0"
          >
            <span
              class="text"
            >
              %
            </span>
          </div>
          <div
            class="button btn-primary"
            role="button"
            tabindex="0"
          >
            <span
              class="text"
            >
              ÷
            </span>
          </div>
        </div>
        <div>
          <div
            class="button"
            role="button"
            tabindex="0"
          >
            <span
              class="text"
            >
              7
            </span>
          </div>
          <div
            class="button"
            role="button"
            tabindex="0"
          >
            <span
              class="text"
            >
              8
            </span>
          </div>
          <div
            class="button"
            role="button"
            tabindex="0"
          >
            <span
              class="text"
            >
              9
            </span>
          </div>
          <div
            class="button btn-primary"
            role="button"
            tabindex="0"
          >
            <span
              class="text"
            >
              X
            </span>
          </div>
        </div>
        <div>
          <div
            class="button"
            role="button"
            tabindex="0"
          >
            <span
              class="text"
            >
              4
            </span>
          </div>
          <div
            class="button"
            role="button"
            tabindex="0"
          >
            <span
              class="text"
            >
              5
            </span>
          </div>
          <div
            class="button"
            role="button"
            tabindex="0"
          >
            <span
              class="text"
            >
              6
            </span>
          </div>
          <div
            class="button btn-primary"
            role="button"
            tabindex="0"
          >
            <span
              class="text"
            >
              −
            </span>
          </div>
        </div>
        <div>
          <div
            class="button"
            role="button"
            tabindex="0"
          >
            <span
              class="text"
            >
              1
            </span>
          </div>
          <div
            class="button"
            role="button"
            tabindex="0"
          >
            <span
              class="text"
            >
              2
            </span>
          </div>
          <div
            class="button"
            role="button"
            tabindex="0"
          >
            <span
              class="text"
            >
              3
            </span>
          </div>
          <div
            class="button btn-primary"
            role="button"
            tabindex="0"
          >
            <span
              class="text"
            >
              +
            </span>
          </div>
        </div>
        <div>
          <div
            class="button button-zero"
            role="button"
            tabindex="0"
          >
            <span
              class="text"
            >
              0
            </span>
          </div>
          <div
            class="button"
            role="button"
            tabindex="0"
          >
            <span
              class="text"
            >
              .
            </span>
          </div>
          <div
            class="button btn-primary"
            role="button"
            tabindex="0"
          >
            <span
              class="text"
            >
              =
            </span>
          </div>
        </div>
      </div>
    </div>
  </div>
</DocumentFragment>
`;
